[
    {
        "user": {
            "Name": "John",
            "emailAddress": "john.a@abc.com"
        }
    },
    {
        "user": {
            "Name": "Bob",
            "emailAddress": "bob.b@abc.com"
        }
    }
]