{
    "firstname":"John",
    "emailAddress":"john.doe@abc.com",
    "phoneNumber":"6471663421"
}
